// Jest Snapshot v1, https://goo.gl/fbAQLP

exports[`AssetIcon should render correctly 1`] = `
<RemoteImage
  fadeIn={true}
  placeholderStyle={
    Object {
      "backgroundColor": "#FFFFFF",
    }
  }
  source={
    Object {
      "uri": "https://hld-chain.oss-cn-beijing.aliyuncs.com/tokens/WBTC.png",
    }
  }
  style={
    Array [
      Object {
        "borderRadius": 25,
        "height": 50,
        "overflow": "hidden",
        "width": 50,
      },
      undefined,
    ]
  }
/>
`;
