// Jest Snapshot v1, https://goo.gl/fbAQLP

exports[`NavbarBrowserTitle should render correctly 1`] = `
<Connect(NavbarBrowserTitle)
  hostname="https://home.hld.im/pages/faucet"
  https={true}
  network={
    Object {
      "provider": Object {
        "type": "mainnet",
      },
    }
  }
/>
`;
